<?xml version="1.0" encoding="utf-8"?>
<resource rel="organisation" href="/api/organisations/1">
  <link rel="people" href="/api/organisations/1/people" />
  <Id>1</Id>
  <Name>Org Name</Name>
</resource>