{
  "Id": 1,
  "Name": "Org Name",
  "_links": {
    "self": {
      "href": "/api/organisations/1"
    },
    "fooey": {
      "href": "http://foo.com/bar",
      "type": "text/html"
    }
  }
}