No resource linker found for System.Collections.Generic.List<WebApi.Hal.Resource>